// Jest Snapshot v1, https://goo.gl/fbAQLP

exports[`Test the Rockets Component renders correctly rockets section renders 1`] = `<div />`;
